FROM debian:12
RUN echo "Etc/Timez'one" > /etc/timezone && \
    ln -fs '/usr/share/zoneinfo/'"Etc/Timez'one" /etc/localtime
RUN addgroup --gid 7331 'h#x*r' || addgroup 'h#x*r' && \
    adduser --disabled-password --gecos '' --uid 1337 --ingroup 'h#x*r' 'h#x*r' && \
    adduser 'h#x*r' sudo && \
    mkdir /home/'h#x*r'/w && \
    chown 'h#x*r':'h#x*r' /home/'h#x*r'/w
RUN sed -i 's/^Components: main$/Components: main contrib non-free/' /etc/apt/sources.list.d/debian.sources
RUN apt-get update && apt-get upgrade --yes
RUN apt-get install --no-install-recommends --yes \
    apt-file \
    'pack#age1' \
    package2 \
    sudo
RUN apt-file update
RUN sh -c 'echo "Defaults umask = 0027" > /etc/sudoers.d/umask' && \
    sh -c 'echo "%sudo ALL=(ALL) CWD=* NOPASSWD: ALL" > /etc/sudoers.d/nopasswd'
